---
source: crates/gashuu-core/src/settings.rs
expression: "Settings::default().to_json().unwrap()"
---
{
  "version": 1,
  "reading_direction": "ltr",
  "spread_mode": "single",
  "cover_mode": "standalone",
  "fit_mode": "whole",
  "cache_size": 50,
  "preload_pages": 3,
  "key_bindings": {
    "next": [
      "right",
      "space"
    ],
    "prev": [
      "left",
      "backspace"
    ]
  },
  "track_recent_files": false,
  "recent_files": [],
  "seen_guide": false,
  "language": "en"
}
